2025-03-29T22:22:41+00:00 CRITICAL Cannot redeclare get_calendar_events() (previously declared in C:\Users\micha\Local Sites\salem-events-hub-discover-local-happenings\app\public\wp-content\themes\hello-elementor-child-with-email-success\functions.php:101) in C:\Users\micha\Local Sites\salem-events-hub-discover-local-happenings\app\public\wp-content\themes\hello-elementor-child-with-email-success\functions.php on line 165

2025-03-29T22:22:42+00:00 CRITICAL Cannot redeclare get_calendar_events() (previously declared in C:\Users\micha\Local Sites\salem-events-hub-discover-local-happenings\app\public\wp-content\themes\hello-elementor-child-with-email-success\functions.php:101) in C:\Users\micha\Local Sites\salem-events-hub-discover-local-happenings\app\public\wp-content\themes\hello-elementor-child-with-email-success\functions.php on line 165

2025-03-29T22:22:44+00:00 CRITICAL Cannot redeclare get_calendar_events() (previously declared in C:\Users\micha\Local Sites\salem-events-hub-discover-local-happenings\app\public\wp-content\themes\hello-elementor-child-with-email-success\functions.php:101) in C:\Users\micha\Local Sites\salem-events-hub-discover-local-happenings\app\public\wp-content\themes\hello-elementor-child-with-email-success\functions.php on line 165

2025-03-29T22:22:49+00:00 CRITICAL Cannot redeclare get_calendar_events() (previously declared in C:\Users\micha\Local Sites\salem-events-hub-discover-local-happenings\app\public\wp-content\themes\hello-elementor-child-with-email-success\functions.php:101) in C:\Users\micha\Local Sites\salem-events-hub-discover-local-happenings\app\public\wp-content\themes\hello-elementor-child-with-email-success\functions.php on line 165

2025-03-29T22:23:00+00:00 CRITICAL Cannot redeclare get_calendar_events() (previously declared in C:\Users\micha\Local Sites\salem-events-hub-discover-local-happenings\app\public\wp-content\themes\hello-elementor-child-with-email-success\functions.php:101) in C:\Users\micha\Local Sites\salem-events-hub-discover-local-happenings\app\public\wp-content\themes\hello-elementor-child-with-email-success\functions.php on line 165

2025-03-29T22:23:01+00:00 CRITICAL Cannot redeclare get_calendar_events() (previously declared in C:\Users\micha\Local Sites\salem-events-hub-discover-local-happenings\app\public\wp-content\themes\hello-elementor-child-with-email-success\functions.php:101) in C:\Users\micha\Local Sites\salem-events-hub-discover-local-happenings\app\public\wp-content\themes\hello-elementor-child-with-email-success\functions.php on line 165

2025-03-29T22:23:04+00:00 CRITICAL Cannot redeclare get_calendar_events() (previously declared in C:\Users\micha\Local Sites\salem-events-hub-discover-local-happenings\app\public\wp-content\themes\hello-elementor-child-with-email-success\functions.php:101) in C:\Users\micha\Local Sites\salem-events-hub-discover-local-happenings\app\public\wp-content\themes\hello-elementor-child-with-email-success\functions.php on line 165

2025-03-29T22:23:08+00:00 CRITICAL Cannot redeclare get_calendar_events() (previously declared in C:\Users\micha\Local Sites\salem-events-hub-discover-local-happenings\app\public\wp-content\themes\hello-elementor-child-with-email-success\functions.php:101) in C:\Users\micha\Local Sites\salem-events-hub-discover-local-happenings\app\public\wp-content\themes\hello-elementor-child-with-email-success\functions.php on line 165

2025-03-29T22:23:12+00:00 CRITICAL Cannot redeclare get_calendar_events() (previously declared in C:\Users\micha\Local Sites\salem-events-hub-discover-local-happenings\app\public\wp-content\themes\hello-elementor-child-with-email-success\functions.php:101) in C:\Users\micha\Local Sites\salem-events-hub-discover-local-happenings\app\public\wp-content\themes\hello-elementor-child-with-email-success\functions.php on line 165

2025-03-29T22:23:12+00:00 CRITICAL Cannot redeclare get_calendar_events() (previously declared in C:\Users\micha\Local Sites\salem-events-hub-discover-local-happenings\app\public\wp-content\themes\hello-elementor-child-with-email-success\functions.php:101) in C:\Users\micha\Local Sites\salem-events-hub-discover-local-happenings\app\public\wp-content\themes\hello-elementor-child-with-email-success\functions.php on line 165

2025-03-29T22:23:13+00:00 CRITICAL Cannot redeclare get_calendar_events() (previously declared in C:\Users\micha\Local Sites\salem-events-hub-discover-local-happenings\app\public\wp-content\themes\hello-elementor-child-with-email-success\functions.php:101) in C:\Users\micha\Local Sites\salem-events-hub-discover-local-happenings\app\public\wp-content\themes\hello-elementor-child-with-email-success\functions.php on line 165

2025-03-29T22:23:16+00:00 CRITICAL Cannot redeclare get_calendar_events() (previously declared in C:\Users\micha\Local Sites\salem-events-hub-discover-local-happenings\app\public\wp-content\themes\hello-elementor-child-with-email-success\functions.php:101) in C:\Users\micha\Local Sites\salem-events-hub-discover-local-happenings\app\public\wp-content\themes\hello-elementor-child-with-email-success\functions.php on line 165

2025-03-29T22:23:16+00:00 CRITICAL Cannot redeclare get_calendar_events() (previously declared in C:\Users\micha\Local Sites\salem-events-hub-discover-local-happenings\app\public\wp-content\themes\hello-elementor-child-with-email-success\functions.php:101) in C:\Users\micha\Local Sites\salem-events-hub-discover-local-happenings\app\public\wp-content\themes\hello-elementor-child-with-email-success\functions.php on line 165

2025-03-29T22:23:21+00:00 CRITICAL Cannot redeclare get_calendar_events() (previously declared in C:\Users\micha\Local Sites\salem-events-hub-discover-local-happenings\app\public\wp-content\themes\hello-elementor-child-with-email-success\functions.php:101) in C:\Users\micha\Local Sites\salem-events-hub-discover-local-happenings\app\public\wp-content\themes\hello-elementor-child-with-email-success\functions.php on line 165

2025-03-29T22:23:25+00:00 CRITICAL Cannot redeclare get_calendar_events() (previously declared in C:\Users\micha\Local Sites\salem-events-hub-discover-local-happenings\app\public\wp-content\themes\hello-elementor-child-with-email-success\functions.php:101) in C:\Users\micha\Local Sites\salem-events-hub-discover-local-happenings\app\public\wp-content\themes\hello-elementor-child-with-email-success\functions.php on line 165

2025-03-29T22:23:26+00:00 CRITICAL Cannot redeclare get_calendar_events() (previously declared in C:\Users\micha\Local Sites\salem-events-hub-discover-local-happenings\app\public\wp-content\themes\hello-elementor-child-with-email-success\functions.php:101) in C:\Users\micha\Local Sites\salem-events-hub-discover-local-happenings\app\public\wp-content\themes\hello-elementor-child-with-email-success\functions.php on line 165

2025-03-29T22:23:26+00:00 CRITICAL Cannot redeclare get_calendar_events() (previously declared in C:\Users\micha\Local Sites\salem-events-hub-discover-local-happenings\app\public\wp-content\themes\hello-elementor-child-with-email-success\functions.php:101) in C:\Users\micha\Local Sites\salem-events-hub-discover-local-happenings\app\public\wp-content\themes\hello-elementor-child-with-email-success\functions.php on line 165

2025-03-29T22:23:27+00:00 CRITICAL Cannot redeclare get_calendar_events() (previously declared in C:\Users\micha\Local Sites\salem-events-hub-discover-local-happenings\app\public\wp-content\themes\hello-elementor-child-with-email-success\functions.php:101) in C:\Users\micha\Local Sites\salem-events-hub-discover-local-happenings\app\public\wp-content\themes\hello-elementor-child-with-email-success\functions.php on line 165

2025-03-29T22:24:04+00:00 CRITICAL Cannot redeclare get_calendar_events() (previously declared in C:\Users\micha\Local Sites\salem-events-hub-discover-local-happenings\app\public\wp-content\themes\hello-elementor-child-with-email-success\functions.php:101) in C:\Users\micha\Local Sites\salem-events-hub-discover-local-happenings\app\public\wp-content\themes\hello-elementor-child-with-email-success\functions.php on line 165

2025-03-29T22:25:03+00:00 CRITICAL Unmatched '}' in C:\Users\micha\Local Sites\salem-events-hub-discover-local-happenings\app\public\wp-content\themes\hello-elementor-child-with-email-success\functions.php on line 131

2025-03-29T22:25:16+00:00 CRITICAL Unmatched '}' in C:\Users\micha\Local Sites\salem-events-hub-discover-local-happenings\app\public\wp-content\themes\hello-elementor-child-with-email-success\functions.php on line 131

2025-03-29T22:25:17+00:00 CRITICAL Unmatched '}' in C:\Users\micha\Local Sites\salem-events-hub-discover-local-happenings\app\public\wp-content\themes\hello-elementor-child-with-email-success\functions.php on line 131

2025-03-29T22:25:18+00:00 CRITICAL Unmatched '}' in C:\Users\micha\Local Sites\salem-events-hub-discover-local-happenings\app\public\wp-content\themes\hello-elementor-child-with-email-success\functions.php on line 131

2025-03-29T22:25:21+00:00 CRITICAL Unmatched '}' in C:\Users\micha\Local Sites\salem-events-hub-discover-local-happenings\app\public\wp-content\themes\hello-elementor-child-with-email-success\functions.php on line 131

2025-03-29T22:25:21+00:00 CRITICAL Unmatched '}' in C:\Users\micha\Local Sites\salem-events-hub-discover-local-happenings\app\public\wp-content\themes\hello-elementor-child-with-email-success\functions.php on line 131

2025-03-31T21:48:51+00:00 CRITICAL Cannot redeclare load_fullcalendar_assets() (previously declared in C:\Users\micha\Local Sites\salem-events-hub-discover-local-happenings\app\public\wp-content\themes\hello-elementor-child-with-email-success\functions.php:65) in C:\Users\micha\Local Sites\salem-events-hub-discover-local-happenings\app\public\wp-content\themes\hello-elementor-child-with-email-success\functions.php on line 116

2025-03-31T21:48:51+00:00 CRITICAL Cannot redeclare load_fullcalendar_assets() (previously declared in C:\Users\micha\Local Sites\salem-events-hub-discover-local-happenings\app\public\wp-content\themes\hello-elementor-child-with-email-success\functions.php:65) in C:\Users\micha\Local Sites\salem-events-hub-discover-local-happenings\app\public\wp-content\themes\hello-elementor-child-with-email-success\functions.php on line 116

2025-03-31T21:50:39+00:00 CRITICAL Cannot redeclare load_fullcalendar_assets() (previously declared in C:\Users\micha\Local Sites\salem-events-hub-discover-local-happenings\app\public\wp-content\themes\hello-elementor-child-with-email-success\functions.php:65) in C:\Users\micha\Local Sites\salem-events-hub-discover-local-happenings\app\public\wp-content\themes\hello-elementor-child-with-email-success\functions.php on line 111

2025-03-31T21:50:39+00:00 CRITICAL Cannot redeclare load_fullcalendar_assets() (previously declared in C:\Users\micha\Local Sites\salem-events-hub-discover-local-happenings\app\public\wp-content\themes\hello-elementor-child-with-email-success\functions.php:65) in C:\Users\micha\Local Sites\salem-events-hub-discover-local-happenings\app\public\wp-content\themes\hello-elementor-child-with-email-success\functions.php on line 111

2025-03-31T21:50:40+00:00 CRITICAL Cannot redeclare load_fullcalendar_assets() (previously declared in C:\Users\micha\Local Sites\salem-events-hub-discover-local-happenings\app\public\wp-content\themes\hello-elementor-child-with-email-success\functions.php:65) in C:\Users\micha\Local Sites\salem-events-hub-discover-local-happenings\app\public\wp-content\themes\hello-elementor-child-with-email-success\functions.php on line 111

2025-03-31T21:50:40+00:00 CRITICAL Cannot redeclare load_fullcalendar_assets() (previously declared in C:\Users\micha\Local Sites\salem-events-hub-discover-local-happenings\app\public\wp-content\themes\hello-elementor-child-with-email-success\functions.php:65) in C:\Users\micha\Local Sites\salem-events-hub-discover-local-happenings\app\public\wp-content\themes\hello-elementor-child-with-email-success\functions.php on line 111

2025-03-31T21:50:40+00:00 CRITICAL Cannot redeclare load_fullcalendar_assets() (previously declared in C:\Users\micha\Local Sites\salem-events-hub-discover-local-happenings\app\public\wp-content\themes\hello-elementor-child-with-email-success\functions.php:65) in C:\Users\micha\Local Sites\salem-events-hub-discover-local-happenings\app\public\wp-content\themes\hello-elementor-child-with-email-success\functions.php on line 111

2025-03-31T21:50:41+00:00 CRITICAL Cannot redeclare load_fullcalendar_assets() (previously declared in C:\Users\micha\Local Sites\salem-events-hub-discover-local-happenings\app\public\wp-content\themes\hello-elementor-child-with-email-success\functions.php:65) in C:\Users\micha\Local Sites\salem-events-hub-discover-local-happenings\app\public\wp-content\themes\hello-elementor-child-with-email-success\functions.php on line 111

2025-03-31T21:50:41+00:00 CRITICAL Cannot redeclare load_fullcalendar_assets() (previously declared in C:\Users\micha\Local Sites\salem-events-hub-discover-local-happenings\app\public\wp-content\themes\hello-elementor-child-with-email-success\functions.php:65) in C:\Users\micha\Local Sites\salem-events-hub-discover-local-happenings\app\public\wp-content\themes\hello-elementor-child-with-email-success\functions.php on line 111

2025-03-31T21:50:41+00:00 CRITICAL Cannot redeclare load_fullcalendar_assets() (previously declared in C:\Users\micha\Local Sites\salem-events-hub-discover-local-happenings\app\public\wp-content\themes\hello-elementor-child-with-email-success\functions.php:65) in C:\Users\micha\Local Sites\salem-events-hub-discover-local-happenings\app\public\wp-content\themes\hello-elementor-child-with-email-success\functions.php on line 111

2025-04-09T05:29:15+00:00 CRITICAL Uncaught Error: Cannot use object of type WP_Error as array in C:\Users\micha\Local Sites\salem-events-hub-discover-local-happenings\app\public\wp-content\themes\hello-elementor-child-with-email-success\functions.php:339
Stack trace:
#0 C:\Users\micha\Local Sites\salem-events-hub-discover-local-happenings\app\public\wp-includes\class-wp-hook.php(326): sync_event_listing_to_wp_events_full(1389, Object(WP_Post))
#1 C:\Users\micha\Local Sites\salem-events-hub-discover-local-happenings\app\public\wp-includes\class-wp-hook.php(348): WP_Hook->apply_filters('', Array)
#2 C:\Users\micha\Local Sites\salem-events-hub-discover-local-happenings\app\public\wp-includes\plugin.php(517): WP_Hook->do_action(Array)
#3 C:\Users\micha\Local Sites\salem-events-hub-discover-local-happenings\app\public\wp-includes\post.php(5748): do_action('publish_event_l...', 1389, Object(WP_Post), 'preview')
#4 C:\Users\micha\Local Sites\salem-events-hub-discover-local-happenings\app\public\wp-includes\post.php(4950): wp_transition_post_status('publish', 'preview', Object(WP_Post))
#5 C:\Users\micha\Local Sites\salem-events-hub-discover-local-happenings\app\public\wp-includes\post.php(5162): wp_insert_post(Array, false, true)
#6 C:\Users\micha\Local Sites\salem-events-hub-discover-local-happenings\app\public\wp-content\plugins\wp-event-manager\forms\wp-event-manager-form-submit-event.php(1197): wp_update_post(Array)
#7 C:\Users\micha\Local Sites\salem-events-hub-discover-local-happenings\app\public\wp-content\plugins\wp-event-manager\forms\wp-event-manager-form-abstract.php(49): WP_Event_Manager_Form_Submit_Event->preview_handler()
#8 C:\Users\micha\Local Sites\salem-events-hub-discover-local-happenings\app\public\wp-includes\class-wp-hook.php(324): WP_Event_Manager_Form->process(Object(WP))
#9 C:\Users\micha\Local Sites\salem-events-hub-discover-local-happenings\app\public\wp-includes\class-wp-hook.php(348): WP_Hook->apply_filters(NULL, Array)
#10 C:\Users\micha\Local Sites\salem-events-hub-discover-local-happenings\app\public\wp-includes\plugin.php(565): WP_Hook->do_action(Array)
#11 C:\Users\micha\Local Sites\salem-events-hub-discover-local-happenings\app\public\wp-includes\class-wp.php(830): do_action_ref_array('wp', Array)
#12 C:\Users\micha\Local Sites\salem-events-hub-discover-local-happenings\app\public\wp-includes\functions.php(1336): WP->main('')
#13 C:\Users\micha\Local Sites\salem-events-hub-discover-local-happenings\app\public\wp-blog-header.php(16): wp()
#14 C:\Users\micha\Local Sites\salem-events-hub-discover-local-happenings\app\public\index.php(17): require('C:\\Users\\micha\\...')
#15 {main}
  thrown in C:\Users\micha\Local Sites\salem-events-hub-discover-local-happenings\app\public\wp-content\themes\hello-elementor-child-with-email-success\functions.php on line 339

2025-04-09T05:41:02+00:00 CRITICAL Uncaught Error: Cannot use object of type WP_Error as array in C:\Users\micha\Local Sites\salem-events-hub-discover-local-happenings\app\public\wp-content\themes\hello-elementor-child-with-email-success\functions.php:338
Stack trace:
#0 C:\Users\micha\Local Sites\salem-events-hub-discover-local-happenings\app\public\wp-includes\class-wp-hook.php(326): sync_event_listing_to_wp_events_full(1395, Object(WP_Post))
#1 C:\Users\micha\Local Sites\salem-events-hub-discover-local-happenings\app\public\wp-includes\class-wp-hook.php(348): WP_Hook->apply_filters('', Array)
#2 C:\Users\micha\Local Sites\salem-events-hub-discover-local-happenings\app\public\wp-includes\plugin.php(517): WP_Hook->do_action(Array)
#3 C:\Users\micha\Local Sites\salem-events-hub-discover-local-happenings\app\public\wp-includes\post.php(5748): do_action('publish_event_l...', 1395, Object(WP_Post), 'preview')
#4 C:\Users\micha\Local Sites\salem-events-hub-discover-local-happenings\app\public\wp-includes\post.php(4950): wp_transition_post_status('publish', 'preview', Object(WP_Post))
#5 C:\Users\micha\Local Sites\salem-events-hub-discover-local-happenings\app\public\wp-includes\post.php(5162): wp_insert_post(Array, false, true)
#6 C:\Users\micha\Local Sites\salem-events-hub-discover-local-happenings\app\public\wp-content\plugins\wp-event-manager\forms\wp-event-manager-form-submit-event.php(1197): wp_update_post(Array)
#7 C:\Users\micha\Local Sites\salem-events-hub-discover-local-happenings\app\public\wp-content\plugins\wp-event-manager\forms\wp-event-manager-form-abstract.php(49): WP_Event_Manager_Form_Submit_Event->preview_handler()
#8 C:\Users\micha\Local Sites\salem-events-hub-discover-local-happenings\app\public\wp-includes\class-wp-hook.php(324): WP_Event_Manager_Form->process(Object(WP))
#9 C:\Users\micha\Local Sites\salem-events-hub-discover-local-happenings\app\public\wp-includes\class-wp-hook.php(348): WP_Hook->apply_filters(NULL, Array)
#10 C:\Users\micha\Local Sites\salem-events-hub-discover-local-happenings\app\public\wp-includes\plugin.php(565): WP_Hook->do_action(Array)
#11 C:\Users\micha\Local Sites\salem-events-hub-discover-local-happenings\app\public\wp-includes\class-wp.php(830): do_action_ref_array('wp', Array)
#12 C:\Users\micha\Local Sites\salem-events-hub-discover-local-happenings\app\public\wp-includes\functions.php(1336): WP->main('')
#13 C:\Users\micha\Local Sites\salem-events-hub-discover-local-happenings\app\public\wp-blog-header.php(16): wp()
#14 C:\Users\micha\Local Sites\salem-events-hub-discover-local-happenings\app\public\index.php(17): require('C:\\Users\\micha\\...')
#15 {main}
  thrown in C:\Users\micha\Local Sites\salem-events-hub-discover-local-happenings\app\public\wp-content\themes\hello-elementor-child-with-email-success\functions.php on line 338

