2025-03-06T01:30:40+00:00 ERROR {
  "error": {
    "code": 401,
    "message": "Request is missing required authentication credential. Expected OAuth 2 access token, login cookie or other valid authentication credential. See https://developers.google.com/identity/sign-in/web/devconsole-project.",
    "errors": [
      {
        "message": "Login Required.",
        "domain": "global",
        "reason": "required",
        "location": "Authorization",
        "locationType": "header"
      }
    ],
    "status": "UNAUTHENTICATED",
    "details": [
      {
        "@type": "type.googleapis.com/google.rpc.ErrorInfo",
        "reason": "CREDENTIALS_MISSING",
        "domain": "googleapis.com",
        "metadata": {
          "method": "caribou.api.proto.MailboxService.SendMessage",
          "service": "gmail.googleapis.com"
        }
      }
    ]
  }
}
2025-03-08T01:22:35+00:00 ERROR {
  "error": {
    "code": 401,
    "message": "Request is missing required authentication credential. Expected OAuth 2 access token, login cookie or other valid authentication credential. See https://developers.google.com/identity/sign-in/web/devconsole-project.",
    "errors": [
      {
        "message": "Login Required.",
        "domain": "global",
        "reason": "required",
        "location": "Authorization",
        "locationType": "header"
      }
    ],
    "status": "UNAUTHENTICATED",
    "details": [
      {
        "@type": "type.googleapis.com/google.rpc.ErrorInfo",
        "reason": "CREDENTIALS_MISSING",
        "domain": "googleapis.com",
        "metadata": {
          "service": "gmail.googleapis.com",
          "method": "caribou.api.proto.MailboxService.SendMessage"
        }
      }
    ]
  }
}
2025-03-08T01:22:36+00:00 ERROR {
  "error": {
    "code": 401,
    "message": "Request is missing required authentication credential. Expected OAuth 2 access token, login cookie or other valid authentication credential. See https://developers.google.com/identity/sign-in/web/devconsole-project.",
    "errors": [
      {
        "message": "Login Required.",
        "domain": "global",
        "reason": "required",
        "location": "Authorization",
        "locationType": "header"
      }
    ],
    "status": "UNAUTHENTICATED",
    "details": [
      {
        "@type": "type.googleapis.com/google.rpc.ErrorInfo",
        "reason": "CREDENTIALS_MISSING",
        "domain": "googleapis.com",
        "metadata": {
          "method": "caribou.api.proto.MailboxService.SendMessage",
          "service": "gmail.googleapis.com"
        }
      }
    ]
  }
}
2025-03-08T01:29:26+00:00 ERROR {
  "error": {
    "code": 401,
    "message": "Request is missing required authentication credential. Expected OAuth 2 access token, login cookie or other valid authentication credential. See https://developers.google.com/identity/sign-in/web/devconsole-project.",
    "errors": [
      {
        "message": "Login Required.",
        "domain": "global",
        "reason": "required",
        "location": "Authorization",
        "locationType": "header"
      }
    ],
    "status": "UNAUTHENTICATED",
    "details": [
      {
        "@type": "type.googleapis.com/google.rpc.ErrorInfo",
        "reason": "CREDENTIALS_MISSING",
        "domain": "googleapis.com",
        "metadata": {
          "method": "caribou.api.proto.MailboxService.SendMessage",
          "service": "gmail.googleapis.com"
        }
      }
    ]
  }
}
2025-03-10T02:11:50+00:00 ERROR {
  "error": {
    "code": 401,
    "message": "Request is missing required authentication credential. Expected OAuth 2 access token, login cookie or other valid authentication credential. See https://developers.google.com/identity/sign-in/web/devconsole-project.",
    "errors": [
      {
        "message": "Login Required.",
        "domain": "global",
        "reason": "required",
        "location": "Authorization",
        "locationType": "header"
      }
    ],
    "status": "UNAUTHENTICATED",
    "details": [
      {
        "@type": "type.googleapis.com/google.rpc.ErrorInfo",
        "reason": "CREDENTIALS_MISSING",
        "domain": "googleapis.com",
        "metadata": {
          "method": "caribou.api.proto.MailboxService.SendMessage",
          "service": "gmail.googleapis.com"
        }
      }
    ]
  }
}
2025-03-10T02:16:13+00:00 ERROR {
  "error": {
    "code": 401,
    "message": "Request is missing required authentication credential. Expected OAuth 2 access token, login cookie or other valid authentication credential. See https://developers.google.com/identity/sign-in/web/devconsole-project.",
    "errors": [
      {
        "message": "Login Required.",
        "domain": "global",
        "reason": "required",
        "location": "Authorization",
        "locationType": "header"
      }
    ],
    "status": "UNAUTHENTICATED",
    "details": [
      {
        "@type": "type.googleapis.com/google.rpc.ErrorInfo",
        "reason": "CREDENTIALS_MISSING",
        "domain": "googleapis.com",
        "metadata": {
          "service": "gmail.googleapis.com",
          "method": "caribou.api.proto.MailboxService.SendMessage"
        }
      }
    ]
  }
}
2025-03-10T02:16:29+00:00 ERROR {
  "error": {
    "code": 401,
    "message": "Request is missing required authentication credential. Expected OAuth 2 access token, login cookie or other valid authentication credential. See https://developers.google.com/identity/sign-in/web/devconsole-project.",
    "errors": [
      {
        "message": "Login Required.",
        "domain": "global",
        "reason": "required",
        "location": "Authorization",
        "locationType": "header"
      }
    ],
    "status": "UNAUTHENTICATED",
    "details": [
      {
        "@type": "type.googleapis.com/google.rpc.ErrorInfo",
        "reason": "CREDENTIALS_MISSING",
        "domain": "googleapis.com",
        "metadata": {
          "method": "caribou.api.proto.MailboxService.SendMessage",
          "service": "gmail.googleapis.com"
        }
      }
    ]
  }
}
2025-03-10T02:22:43+00:00 ERROR {
  "error": {
    "code": 401,
    "message": "Request is missing required authentication credential. Expected OAuth 2 access token, login cookie or other valid authentication credential. See https://developers.google.com/identity/sign-in/web/devconsole-project.",
    "errors": [
      {
        "message": "Login Required.",
        "domain": "global",
        "reason": "required",
        "location": "Authorization",
        "locationType": "header"
      }
    ],
    "status": "UNAUTHENTICATED",
    "details": [
      {
        "@type": "type.googleapis.com/google.rpc.ErrorInfo",
        "reason": "CREDENTIALS_MISSING",
        "domain": "googleapis.com",
        "metadata": {
          "service": "gmail.googleapis.com",
          "method": "caribou.api.proto.MailboxService.SendMessage"
        }
      }
    ]
  }
}
2025-03-14T15:50:20+00:00 ERROR {
  "error": {
    "code": 401,
    "message": "Request is missing required authentication credential. Expected OAuth 2 access token, login cookie or other valid authentication credential. See https://developers.google.com/identity/sign-in/web/devconsole-project.",
    "errors": [
      {
        "message": "Login Required.",
        "domain": "global",
        "reason": "required",
        "location": "Authorization",
        "locationType": "header"
      }
    ],
    "status": "UNAUTHENTICATED",
    "details": [
      {
        "@type": "type.googleapis.com/google.rpc.ErrorInfo",
        "reason": "CREDENTIALS_MISSING",
        "domain": "googleapis.com",
        "metadata": {
          "service": "gmail.googleapis.com",
          "method": "caribou.api.proto.MailboxService.SendMessage"
        }
      }
    ]
  }
}
